<html>
<body>
<pre>
<h1>µVision Build Log</h1>
<h2>Tool Versions:</h2>
IDE-Version: µVision V5.38.0.0
Copyright (C) 2022 ARM Ltd and ARM Germany GmbH. All rights reserved.
License Information: khoi Nguyen
Dinh
User-based license: Keil MDK Community (non-commercial free of charge)
Valid until: Jun 1 2033. Cached until: Apr 2 2024
 
Tool Versions:
Toolchain:       Keil MDK Community (non-commercial free of charge  Version: 5.38.0.0
Toolchain Path:  C:\Keil_v5\ARM\ARMCLANG\Bin
C Compiler:      ArmClang.exe V6.19
Assembler:       Armasm.exe V6.19
Linker/Locator:  ArmLink.exe V6.19
Library Manager: ArmAr.exe V6.19
Hex Converter:   FromElf.exe V6.19
CPU DLL:         SARMCM3.DLL V5.38.0.0
Dialog DLL:      DCM.DLL V1.17.5.0
Target DLL:      STLink\ST-LINKIII-KEIL_SWO.dll V3.1.0.0
Dialog DLL:      TCM.DLL V1.56.4.0
 
<h2>Project:</h2>
C:\Users\Shenny\Desktop\Data\Embedded_Github\Public\STM32_G474RE\Keil_UV5\Lesson_1_Blinky\Blinky_Led.uvprojx
Project File Date:  03/26/2024

<h2>Output:</h2>
*** Using Compiler 'V6.19', folder: 'C:\Keil_v5\ARM\ARMCLANG\Bin'
Rebuild target 'Blinky'
creating preprocessor file for stm32g4_rcc.c...
creating list file for main.c...
creating preprocessor file for stm32g4_delay.c...
compiling stm32g4_rcc.c...
creating preprocessor file for stm32g4_gpio.c...
creating list file for stm32g4_delay.c...
compiling stm32g4_gpio.c...
compiling main.c...
creating list file for stm32g4_rcc.c...
creating preprocessor file for main.c...
compiling stm32g4_delay.c...
creating list file for stm32g4_gpio.c...
creating list file for stm32g4_timer.c...
creating preprocessor file for stm32g4_timer.c...
assembling startup_stm32g474xx.s...
compiling stm32g4_timer.c...
creating preprocessor file for system_stm32g4xx.c...
creating list file for system_stm32g4xx.c...
system_stm32g4xx.c(78): warning: In file included from...
C:/Users/Shenny/AppData/Local/Arm/Packs/Keil/STM32G4xx_DFP/1.5.0/Drivers/CMSIS/Device/ST/STM32G4xx/Include\stm32g4xx.h(11): warning: invalid UTF-8 in comment [-Winvalid-utf8]
  *              - To use or not the peripheral<92>s drivers in application code(i.e.
                                               ^
C:/Users/Shenny/AppData/Local/Arm/Packs/Keil/STM32G4xx_DFP/1.5.0/Drivers/CMSIS/Device/ST/STM32G4xx/Include\stm32g4xx.h(12): warning: invalid UTF-8 in comment [-Winvalid-utf8]
  *                code will be based on direct access to peripheral<92>s registers
                                                                    ^
2 warnings generated.
compiling system_stm32g4xx.c...
linking...
Program Size: Code=1640 RO-data=876 RW-data=0 ZI-data=1632  
FromELF: creating hex file...
".\Objects\Blinky_Led.axf" - 0 Error(s), 2 Warning(s).

<h2>Software Packages used:</h2>

Package Vendor: ARM
                http://www.keil.com/pack/ARM.CMSIS.5.9.0.pack
                ARM.CMSIS.5.9.0
                CMSIS (Common Microcontroller Software Interface Standard)
   * Component: CORE Version: 5.6.0

Package Vendor: Keil
                https://www.keil.com/pack/Keil.STM32G4xx_DFP.1.5.0.pack
                Keil.STM32G4xx_DFP.1.5.0
                STMicroelectronics STM32G4 Series Device Support, Drivers and Examples

<h2>Collection of Component include folders:</h2>
  ./RTE/_Blinky
  C:/Users/Shenny/AppData/Local/Arm/Packs/ARM/CMSIS/5.9.0/CMSIS/Core/Include
  C:/Users/Shenny/AppData/Local/Arm/Packs/Keil/STM32G4xx_DFP/1.5.0/Drivers/CMSIS/Device/ST/STM32G4xx/Include

<h2>Collection of Component Files used:</h2>

   * Component: ARM::CMSIS:CORE:5.6.0
Build Time Elapsed:  00:00:02
</pre>
</body>
</html>
