	.text
	.syntax unified
	.eabi_attribute	67, "2.09"	@ Tag_conformance
	.cpu	cortex-m4
	.eabi_attribute	6, 13	@ Tag_CPU_arch
	.eabi_attribute	7, 77	@ Tag_CPU_arch_profile
	.eabi_attribute	8, 0	@ Tag_ARM_ISA_use
	.eabi_attribute	9, 2	@ Tag_THUMB_ISA_use
	.fpu	fpv4-sp-d16
	.eabi_attribute	27, 1	@ Tag_ABI_HardFP_use
	.eabi_attribute	36, 1	@ Tag_FP_HP_extension
	.eabi_attribute	34, 1	@ Tag_CPU_unaligned_access
	.eabi_attribute	17, 1	@ Tag_ABI_PCS_GOT_use
	.eabi_attribute	20, 2	@ Tag_ABI_FP_denormal
	.eabi_attribute	21, 0	@ Tag_ABI_FP_exceptions
	.eabi_attribute	23, 1	@ Tag_ABI_FP_number_model
	.eabi_attribute	24, 1	@ Tag_ABI_align_needed
	.eabi_attribute	25, 1	@ Tag_ABI_align_preserved
	.eabi_attribute	28, 1	@ Tag_ABI_VFP_args
	.eabi_attribute	38, 1	@ Tag_ABI_FP_16bit_format
	.eabi_attribute	18, 2	@ Tag_ABI_PCS_wchar_t
	.eabi_attribute	26, 1	@ Tag_ABI_enum_size
	.eabi_attribute	14, 0	@ Tag_ABI_PCS_R9_use
	.file	"stm32g4_delay.c"
	.file	1 "C:\\Keil_v5\\ARM\\ARMCLANG\\Bin\\..\\include" "stdint.h"
	.file	2 "C:/Users/Shenny/AppData/Local/Arm/Packs/Keil/STM32G4xx_DFP/1.5.0/Drivers/CMSIS/Device/ST/STM32G4xx/Include" "stm32g474xx.h"
	.section	.text.Delay_us,"ax",%progbits
	.hidden	Delay_us                        @ -- Begin function Delay_us
	.globl	Delay_us
	.p2align	2
	.type	Delay_us,%function
	.code	16                              @ @Delay_us
	.thumb_func
Delay_us:
.Lfunc_begin0:
	.file	3 "C:\\Users\\Shenny\\Desktop\\Data\\Embedded_Github\\Public\\STM32_G474RE\\Keil_UV5\\Lesson_1_Blinky" "stm32g4_delay.c"
	.loc	3 13 0                          @ stm32g4_delay.c:13:0
	.fnstart
	.cfi_sections .debug_frame
	.cfi_startproc
@ %bb.0:
	.pad	#4
	sub	sp, #4
	.cfi_def_cfa_offset 4
	str	r0, [sp]
	movw	r1, #4132
	movt	r1, #16384
	movs	r0, #0
.Ltmp0:
	.loc	3 14 2 prologue_end             @ stm32g4_delay.c:14:2
	str	r0, [r1]
	.loc	3 15 2                          @ stm32g4_delay.c:15:2
	b	.LBB0_1
.LBB0_1:                                @ =>This Inner Loop Header: Depth=1
	.loc	3 0 2 is_stmt 0                 @ stm32g4_delay.c:0:2
	movw	r0, #4132
	movt	r0, #16384
	.loc	3 15 14                         @ stm32g4_delay.c:15:14
	ldr	r0, [r0]
	.loc	3 15 20                         @ stm32g4_delay.c:15:20
	ldr	r1, [sp]
	.loc	3 15 2                          @ stm32g4_delay.c:15:2
	cmp	r0, r1
	bhs	.LBB0_3
	b	.LBB0_2
.LBB0_2:                                @   in Loop: Header=BB0_1 Depth=1
	b	.LBB0_1
.LBB0_3:
	.loc	3 16 1 is_stmt 1                @ stm32g4_delay.c:16:1
	add	sp, #4
	bx	lr
.Ltmp1:
.Lfunc_end0:
	.size	Delay_us, .Lfunc_end0-Delay_us
	.cfi_endproc
	.cantunwind
	.fnend
                                        @ -- End function
	.section	.text.Delay_ms,"ax",%progbits
	.hidden	Delay_ms                        @ -- Begin function Delay_ms
	.globl	Delay_ms
	.p2align	2
	.type	Delay_ms,%function
	.code	16                              @ @Delay_ms
	.thumb_func
Delay_ms:
.Lfunc_begin1:
	.loc	3 19 0                          @ stm32g4_delay.c:19:0
	.fnstart
	.cfi_startproc
@ %bb.0:
	.save	{r7, lr}
	push	{r7, lr}
	.cfi_def_cfa_offset 8
	.cfi_offset lr, -4
	.cfi_offset r7, -8
	.pad	#8
	sub	sp, #8
	.cfi_def_cfa_offset 16
	str	r0, [sp, #4]
	movs	r0, #0
.Ltmp2:
	.loc	3 20 15 prologue_end            @ stm32g4_delay.c:20:15
	str	r0, [sp]
	.loc	3 20 6 is_stmt 0                @ stm32g4_delay.c:20:6
	b	.LBB1_1
.LBB1_1:                                @ =>This Inner Loop Header: Depth=1
.Ltmp3:
	.loc	3 20 21                         @ stm32g4_delay.c:20:21
	ldr	r0, [sp]
	.loc	3 20 25                         @ stm32g4_delay.c:20:25
	ldr	r1, [sp, #4]
.Ltmp4:
	.loc	3 20 2                          @ stm32g4_delay.c:20:2
	cmp	r0, r1
	bhs	.LBB1_4
	b	.LBB1_2
.LBB1_2:                                @   in Loop: Header=BB1_1 Depth=1
	.loc	3 0 2                           @ stm32g4_delay.c:0:2
	mov.w	r0, #1000
.Ltmp5:
	.loc	3 22 3 is_stmt 1                @ stm32g4_delay.c:22:3
	bl	Delay_us
	.loc	3 23 2                          @ stm32g4_delay.c:23:2
	b	.LBB1_3
.Ltmp6:
.LBB1_3:                                @   in Loop: Header=BB1_1 Depth=1
	.loc	3 20 31                         @ stm32g4_delay.c:20:31
	ldr	r0, [sp]
	adds	r0, #1
	str	r0, [sp]
	.loc	3 20 2 is_stmt 0                @ stm32g4_delay.c:20:2
	b	.LBB1_1
.Ltmp7:
.LBB1_4:
	.loc	3 24 1 is_stmt 1                @ stm32g4_delay.c:24:1
	add	sp, #8
	pop	{r7, pc}
.Ltmp8:
.Lfunc_end1:
	.size	Delay_ms, .Lfunc_end1-Delay_ms
	.cfi_endproc
	.cantunwind
	.fnend
                                        @ -- End function
	.section	.debug_abbrev,"",%progbits
	.byte	1                               @ Abbreviation Code
	.byte	17                              @ DW_TAG_compile_unit
	.byte	1                               @ DW_CHILDREN_yes
	.byte	37                              @ DW_AT_producer
	.byte	14                              @ DW_FORM_strp
	.byte	19                              @ DW_AT_language
	.byte	5                               @ DW_FORM_data2
	.byte	3                               @ DW_AT_name
	.byte	14                              @ DW_FORM_strp
	.byte	16                              @ DW_AT_stmt_list
	.byte	23                              @ DW_FORM_sec_offset
	.byte	27                              @ DW_AT_comp_dir
	.byte	14                              @ DW_FORM_strp
	.byte	17                              @ DW_AT_low_pc
	.byte	1                               @ DW_FORM_addr
	.byte	85                              @ DW_AT_ranges
	.byte	23                              @ DW_FORM_sec_offset
	.byte	0                               @ EOM(1)
	.byte	0                               @ EOM(2)
	.byte	2                               @ Abbreviation Code
	.byte	15                              @ DW_TAG_pointer_type
	.byte	0                               @ DW_CHILDREN_no
	.byte	73                              @ DW_AT_type
	.byte	19                              @ DW_FORM_ref4
	.byte	0                               @ EOM(1)
	.byte	0                               @ EOM(2)
	.byte	3                               @ Abbreviation Code
	.byte	22                              @ DW_TAG_typedef
	.byte	0                               @ DW_CHILDREN_no
	.byte	73                              @ DW_AT_type
	.byte	19                              @ DW_FORM_ref4
	.byte	3                               @ DW_AT_name
	.byte	14                              @ DW_FORM_strp
	.byte	58                              @ DW_AT_decl_file
	.byte	11                              @ DW_FORM_data1
	.byte	59                              @ DW_AT_decl_line
	.byte	5                               @ DW_FORM_data2
	.byte	0                               @ EOM(1)
	.byte	0                               @ EOM(2)
	.byte	4                               @ Abbreviation Code
	.byte	19                              @ DW_TAG_structure_type
	.byte	1                               @ DW_CHILDREN_yes
	.byte	11                              @ DW_AT_byte_size
	.byte	5                               @ DW_FORM_data2
	.byte	58                              @ DW_AT_decl_file
	.byte	11                              @ DW_FORM_data1
	.byte	59                              @ DW_AT_decl_line
	.byte	5                               @ DW_FORM_data2
	.byte	0                               @ EOM(1)
	.byte	0                               @ EOM(2)
	.byte	5                               @ Abbreviation Code
	.byte	13                              @ DW_TAG_member
	.byte	0                               @ DW_CHILDREN_no
	.byte	3                               @ DW_AT_name
	.byte	14                              @ DW_FORM_strp
	.byte	73                              @ DW_AT_type
	.byte	19                              @ DW_FORM_ref4
	.byte	58                              @ DW_AT_decl_file
	.byte	11                              @ DW_FORM_data1
	.byte	59                              @ DW_AT_decl_line
	.byte	5                               @ DW_FORM_data2
	.byte	56                              @ DW_AT_data_member_location
	.byte	11                              @ DW_FORM_data1
	.byte	0                               @ EOM(1)
	.byte	0                               @ EOM(2)
	.byte	6                               @ Abbreviation Code
	.byte	13                              @ DW_TAG_member
	.byte	0                               @ DW_CHILDREN_no
	.byte	3                               @ DW_AT_name
	.byte	14                              @ DW_FORM_strp
	.byte	73                              @ DW_AT_type
	.byte	19                              @ DW_FORM_ref4
	.byte	58                              @ DW_AT_decl_file
	.byte	11                              @ DW_FORM_data1
	.byte	59                              @ DW_AT_decl_line
	.byte	5                               @ DW_FORM_data2
	.byte	56                              @ DW_AT_data_member_location
	.byte	5                               @ DW_FORM_data2
	.byte	0                               @ EOM(1)
	.byte	0                               @ EOM(2)
	.byte	7                               @ Abbreviation Code
	.byte	53                              @ DW_TAG_volatile_type
	.byte	0                               @ DW_CHILDREN_no
	.byte	73                              @ DW_AT_type
	.byte	19                              @ DW_FORM_ref4
	.byte	0                               @ EOM(1)
	.byte	0                               @ EOM(2)
	.byte	8                               @ Abbreviation Code
	.byte	22                              @ DW_TAG_typedef
	.byte	0                               @ DW_CHILDREN_no
	.byte	73                              @ DW_AT_type
	.byte	19                              @ DW_FORM_ref4
	.byte	3                               @ DW_AT_name
	.byte	14                              @ DW_FORM_strp
	.byte	58                              @ DW_AT_decl_file
	.byte	11                              @ DW_FORM_data1
	.byte	59                              @ DW_AT_decl_line
	.byte	11                              @ DW_FORM_data1
	.byte	0                               @ EOM(1)
	.byte	0                               @ EOM(2)
	.byte	9                               @ Abbreviation Code
	.byte	36                              @ DW_TAG_base_type
	.byte	0                               @ DW_CHILDREN_no
	.byte	3                               @ DW_AT_name
	.byte	14                              @ DW_FORM_strp
	.byte	62                              @ DW_AT_encoding
	.byte	11                              @ DW_FORM_data1
	.byte	11                              @ DW_AT_byte_size
	.byte	11                              @ DW_FORM_data1
	.byte	0                               @ EOM(1)
	.byte	0                               @ EOM(2)
	.byte	10                              @ Abbreviation Code
	.byte	1                               @ DW_TAG_array_type
	.byte	1                               @ DW_CHILDREN_yes
	.byte	73                              @ DW_AT_type
	.byte	19                              @ DW_FORM_ref4
	.byte	0                               @ EOM(1)
	.byte	0                               @ EOM(2)
	.byte	11                              @ Abbreviation Code
	.byte	33                              @ DW_TAG_subrange_type
	.byte	0                               @ DW_CHILDREN_no
	.byte	73                              @ DW_AT_type
	.byte	19                              @ DW_FORM_ref4
	.byte	55                              @ DW_AT_count
	.byte	11                              @ DW_FORM_data1
	.byte	0                               @ EOM(1)
	.byte	0                               @ EOM(2)
	.byte	12                              @ Abbreviation Code
	.byte	36                              @ DW_TAG_base_type
	.byte	0                               @ DW_CHILDREN_no
	.byte	3                               @ DW_AT_name
	.byte	14                              @ DW_FORM_strp
	.byte	11                              @ DW_AT_byte_size
	.byte	11                              @ DW_FORM_data1
	.byte	62                              @ DW_AT_encoding
	.byte	11                              @ DW_FORM_data1
	.byte	0                               @ EOM(1)
	.byte	0                               @ EOM(2)
	.byte	13                              @ Abbreviation Code
	.byte	46                              @ DW_TAG_subprogram
	.byte	1                               @ DW_CHILDREN_yes
	.byte	17                              @ DW_AT_low_pc
	.byte	1                               @ DW_FORM_addr
	.byte	18                              @ DW_AT_high_pc
	.byte	6                               @ DW_FORM_data4
	.byte	64                              @ DW_AT_frame_base
	.byte	24                              @ DW_FORM_exprloc
	.byte	3                               @ DW_AT_name
	.byte	14                              @ DW_FORM_strp
	.byte	58                              @ DW_AT_decl_file
	.byte	11                              @ DW_FORM_data1
	.byte	59                              @ DW_AT_decl_line
	.byte	11                              @ DW_FORM_data1
	.byte	39                              @ DW_AT_prototyped
	.byte	25                              @ DW_FORM_flag_present
	.byte	63                              @ DW_AT_external
	.byte	25                              @ DW_FORM_flag_present
	.byte	0                               @ EOM(1)
	.byte	0                               @ EOM(2)
	.byte	14                              @ Abbreviation Code
	.byte	5                               @ DW_TAG_formal_parameter
	.byte	0                               @ DW_CHILDREN_no
	.byte	2                               @ DW_AT_location
	.byte	24                              @ DW_FORM_exprloc
	.byte	3                               @ DW_AT_name
	.byte	14                              @ DW_FORM_strp
	.byte	58                              @ DW_AT_decl_file
	.byte	11                              @ DW_FORM_data1
	.byte	59                              @ DW_AT_decl_line
	.byte	11                              @ DW_FORM_data1
	.byte	73                              @ DW_AT_type
	.byte	19                              @ DW_FORM_ref4
	.byte	0                               @ EOM(1)
	.byte	0                               @ EOM(2)
	.byte	15                              @ Abbreviation Code
	.byte	11                              @ DW_TAG_lexical_block
	.byte	1                               @ DW_CHILDREN_yes
	.byte	17                              @ DW_AT_low_pc
	.byte	1                               @ DW_FORM_addr
	.byte	18                              @ DW_AT_high_pc
	.byte	6                               @ DW_FORM_data4
	.byte	0                               @ EOM(1)
	.byte	0                               @ EOM(2)
	.byte	16                              @ Abbreviation Code
	.byte	52                              @ DW_TAG_variable
	.byte	0                               @ DW_CHILDREN_no
	.byte	2                               @ DW_AT_location
	.byte	24                              @ DW_FORM_exprloc
	.byte	3                               @ DW_AT_name
	.byte	14                              @ DW_FORM_strp
	.byte	58                              @ DW_AT_decl_file
	.byte	11                              @ DW_FORM_data1
	.byte	59                              @ DW_AT_decl_line
	.byte	11                              @ DW_FORM_data1
	.byte	73                              @ DW_AT_type
	.byte	19                              @ DW_FORM_ref4
	.byte	0                               @ EOM(1)
	.byte	0                               @ EOM(2)
	.byte	0                               @ EOM(3)
	.section	.debug_info,"",%progbits
.Lcu_begin0:
	.long	.Ldebug_info_end0-.Ldebug_info_start0 @ Length of Unit
.Ldebug_info_start0:
	.short	4                               @ DWARF version number
	.long	.debug_abbrev                   @ Offset Into Abbrev. Section
	.byte	4                               @ Address Size (in bytes)
	.byte	1                               @ Abbrev [1] 0xb:0x23e DW_TAG_compile_unit
	.long	.Linfo_string0                  @ DW_AT_producer
	.short	12                              @ DW_AT_language
	.long	.Linfo_string1                  @ DW_AT_name
	.long	.Lline_table_start0             @ DW_AT_stmt_list
	.long	.Linfo_string2                  @ DW_AT_comp_dir
	.long	0                               @ DW_AT_low_pc
	.long	.Ldebug_ranges0                 @ DW_AT_ranges
	.byte	2                               @ Abbrev [2] 0x26:0x5 DW_TAG_pointer_type
	.long	43                              @ DW_AT_type
	.byte	3                               @ Abbrev [3] 0x2b:0xc DW_TAG_typedef
	.long	55                              @ DW_AT_type
	.long	.Linfo_string36                 @ DW_AT_name
	.byte	2                               @ DW_AT_decl_file
	.short	892                             @ DW_AT_decl_line
	.byte	4                               @ Abbrev [4] 0x37:0x18f DW_TAG_structure_type
	.short	996                             @ DW_AT_byte_size
	.byte	2                               @ DW_AT_decl_file
	.short	860                             @ DW_AT_decl_line
	.byte	5                               @ Abbrev [5] 0x3d:0xd DW_TAG_member
	.long	.Linfo_string3                  @ DW_AT_name
	.long	454                             @ DW_AT_type
	.byte	2                               @ DW_AT_decl_file
	.short	862                             @ DW_AT_decl_line
	.byte	0                               @ DW_AT_data_member_location
	.byte	5                               @ Abbrev [5] 0x4a:0xd DW_TAG_member
	.long	.Linfo_string6                  @ DW_AT_name
	.long	454                             @ DW_AT_type
	.byte	2                               @ DW_AT_decl_file
	.short	863                             @ DW_AT_decl_line
	.byte	4                               @ DW_AT_data_member_location
	.byte	5                               @ Abbrev [5] 0x57:0xd DW_TAG_member
	.long	.Linfo_string7                  @ DW_AT_name
	.long	454                             @ DW_AT_type
	.byte	2                               @ DW_AT_decl_file
	.short	864                             @ DW_AT_decl_line
	.byte	8                               @ DW_AT_data_member_location
	.byte	5                               @ Abbrev [5] 0x64:0xd DW_TAG_member
	.long	.Linfo_string8                  @ DW_AT_name
	.long	454                             @ DW_AT_type
	.byte	2                               @ DW_AT_decl_file
	.short	865                             @ DW_AT_decl_line
	.byte	12                              @ DW_AT_data_member_location
	.byte	5                               @ Abbrev [5] 0x71:0xd DW_TAG_member
	.long	.Linfo_string9                  @ DW_AT_name
	.long	454                             @ DW_AT_type
	.byte	2                               @ DW_AT_decl_file
	.short	866                             @ DW_AT_decl_line
	.byte	16                              @ DW_AT_data_member_location
	.byte	5                               @ Abbrev [5] 0x7e:0xd DW_TAG_member
	.long	.Linfo_string10                 @ DW_AT_name
	.long	454                             @ DW_AT_type
	.byte	2                               @ DW_AT_decl_file
	.short	867                             @ DW_AT_decl_line
	.byte	20                              @ DW_AT_data_member_location
	.byte	5                               @ Abbrev [5] 0x8b:0xd DW_TAG_member
	.long	.Linfo_string11                 @ DW_AT_name
	.long	454                             @ DW_AT_type
	.byte	2                               @ DW_AT_decl_file
	.short	868                             @ DW_AT_decl_line
	.byte	24                              @ DW_AT_data_member_location
	.byte	5                               @ Abbrev [5] 0x98:0xd DW_TAG_member
	.long	.Linfo_string12                 @ DW_AT_name
	.long	454                             @ DW_AT_type
	.byte	2                               @ DW_AT_decl_file
	.short	869                             @ DW_AT_decl_line
	.byte	28                              @ DW_AT_data_member_location
	.byte	5                               @ Abbrev [5] 0xa5:0xd DW_TAG_member
	.long	.Linfo_string13                 @ DW_AT_name
	.long	454                             @ DW_AT_type
	.byte	2                               @ DW_AT_decl_file
	.short	870                             @ DW_AT_decl_line
	.byte	32                              @ DW_AT_data_member_location
	.byte	5                               @ Abbrev [5] 0xb2:0xd DW_TAG_member
	.long	.Linfo_string14                 @ DW_AT_name
	.long	454                             @ DW_AT_type
	.byte	2                               @ DW_AT_decl_file
	.short	871                             @ DW_AT_decl_line
	.byte	36                              @ DW_AT_data_member_location
	.byte	5                               @ Abbrev [5] 0xbf:0xd DW_TAG_member
	.long	.Linfo_string15                 @ DW_AT_name
	.long	454                             @ DW_AT_type
	.byte	2                               @ DW_AT_decl_file
	.short	872                             @ DW_AT_decl_line
	.byte	40                              @ DW_AT_data_member_location
	.byte	5                               @ Abbrev [5] 0xcc:0xd DW_TAG_member
	.long	.Linfo_string16                 @ DW_AT_name
	.long	454                             @ DW_AT_type
	.byte	2                               @ DW_AT_decl_file
	.short	873                             @ DW_AT_decl_line
	.byte	44                              @ DW_AT_data_member_location
	.byte	5                               @ Abbrev [5] 0xd9:0xd DW_TAG_member
	.long	.Linfo_string17                 @ DW_AT_name
	.long	454                             @ DW_AT_type
	.byte	2                               @ DW_AT_decl_file
	.short	874                             @ DW_AT_decl_line
	.byte	48                              @ DW_AT_data_member_location
	.byte	5                               @ Abbrev [5] 0xe6:0xd DW_TAG_member
	.long	.Linfo_string18                 @ DW_AT_name
	.long	454                             @ DW_AT_type
	.byte	2                               @ DW_AT_decl_file
	.short	875                             @ DW_AT_decl_line
	.byte	52                              @ DW_AT_data_member_location
	.byte	5                               @ Abbrev [5] 0xf3:0xd DW_TAG_member
	.long	.Linfo_string19                 @ DW_AT_name
	.long	454                             @ DW_AT_type
	.byte	2                               @ DW_AT_decl_file
	.short	876                             @ DW_AT_decl_line
	.byte	56                              @ DW_AT_data_member_location
	.byte	5                               @ Abbrev [5] 0x100:0xd DW_TAG_member
	.long	.Linfo_string20                 @ DW_AT_name
	.long	454                             @ DW_AT_type
	.byte	2                               @ DW_AT_decl_file
	.short	877                             @ DW_AT_decl_line
	.byte	60                              @ DW_AT_data_member_location
	.byte	5                               @ Abbrev [5] 0x10d:0xd DW_TAG_member
	.long	.Linfo_string21                 @ DW_AT_name
	.long	454                             @ DW_AT_type
	.byte	2                               @ DW_AT_decl_file
	.short	878                             @ DW_AT_decl_line
	.byte	64                              @ DW_AT_data_member_location
	.byte	5                               @ Abbrev [5] 0x11a:0xd DW_TAG_member
	.long	.Linfo_string22                 @ DW_AT_name
	.long	454                             @ DW_AT_type
	.byte	2                               @ DW_AT_decl_file
	.short	879                             @ DW_AT_decl_line
	.byte	68                              @ DW_AT_data_member_location
	.byte	5                               @ Abbrev [5] 0x127:0xd DW_TAG_member
	.long	.Linfo_string23                 @ DW_AT_name
	.long	454                             @ DW_AT_type
	.byte	2                               @ DW_AT_decl_file
	.short	880                             @ DW_AT_decl_line
	.byte	72                              @ DW_AT_data_member_location
	.byte	5                               @ Abbrev [5] 0x134:0xd DW_TAG_member
	.long	.Linfo_string24                 @ DW_AT_name
	.long	454                             @ DW_AT_type
	.byte	2                               @ DW_AT_decl_file
	.short	881                             @ DW_AT_decl_line
	.byte	76                              @ DW_AT_data_member_location
	.byte	5                               @ Abbrev [5] 0x141:0xd DW_TAG_member
	.long	.Linfo_string25                 @ DW_AT_name
	.long	454                             @ DW_AT_type
	.byte	2                               @ DW_AT_decl_file
	.short	882                             @ DW_AT_decl_line
	.byte	80                              @ DW_AT_data_member_location
	.byte	5                               @ Abbrev [5] 0x14e:0xd DW_TAG_member
	.long	.Linfo_string26                 @ DW_AT_name
	.long	454                             @ DW_AT_type
	.byte	2                               @ DW_AT_decl_file
	.short	883                             @ DW_AT_decl_line
	.byte	84                              @ DW_AT_data_member_location
	.byte	5                               @ Abbrev [5] 0x15b:0xd DW_TAG_member
	.long	.Linfo_string27                 @ DW_AT_name
	.long	454                             @ DW_AT_type
	.byte	2                               @ DW_AT_decl_file
	.short	884                             @ DW_AT_decl_line
	.byte	88                              @ DW_AT_data_member_location
	.byte	5                               @ Abbrev [5] 0x168:0xd DW_TAG_member
	.long	.Linfo_string28                 @ DW_AT_name
	.long	454                             @ DW_AT_type
	.byte	2                               @ DW_AT_decl_file
	.short	885                             @ DW_AT_decl_line
	.byte	92                              @ DW_AT_data_member_location
	.byte	5                               @ Abbrev [5] 0x175:0xd DW_TAG_member
	.long	.Linfo_string29                 @ DW_AT_name
	.long	454                             @ DW_AT_type
	.byte	2                               @ DW_AT_decl_file
	.short	886                             @ DW_AT_decl_line
	.byte	96                              @ DW_AT_data_member_location
	.byte	5                               @ Abbrev [5] 0x182:0xd DW_TAG_member
	.long	.Linfo_string30                 @ DW_AT_name
	.long	454                             @ DW_AT_type
	.byte	2                               @ DW_AT_decl_file
	.short	887                             @ DW_AT_decl_line
	.byte	100                             @ DW_AT_data_member_location
	.byte	5                               @ Abbrev [5] 0x18f:0xd DW_TAG_member
	.long	.Linfo_string31                 @ DW_AT_name
	.long	454                             @ DW_AT_type
	.byte	2                               @ DW_AT_decl_file
	.short	888                             @ DW_AT_decl_line
	.byte	104                             @ DW_AT_data_member_location
	.byte	5                               @ Abbrev [5] 0x19c:0xd DW_TAG_member
	.long	.Linfo_string32                 @ DW_AT_name
	.long	477                             @ DW_AT_type
	.byte	2                               @ DW_AT_decl_file
	.short	889                             @ DW_AT_decl_line
	.byte	108                             @ DW_AT_data_member_location
	.byte	6                               @ Abbrev [6] 0x1a9:0xe DW_TAG_member
	.long	.Linfo_string34                 @ DW_AT_name
	.long	454                             @ DW_AT_type
	.byte	2                               @ DW_AT_decl_file
	.short	890                             @ DW_AT_decl_line
	.short	988                             @ DW_AT_data_member_location
	.byte	6                               @ Abbrev [6] 0x1b7:0xe DW_TAG_member
	.long	.Linfo_string35                 @ DW_AT_name
	.long	454                             @ DW_AT_type
	.byte	2                               @ DW_AT_decl_file
	.short	891                             @ DW_AT_decl_line
	.short	992                             @ DW_AT_data_member_location
	.byte	0                               @ End Of Children Mark
	.byte	7                               @ Abbrev [7] 0x1c6:0x5 DW_TAG_volatile_type
	.long	459                             @ DW_AT_type
	.byte	8                               @ Abbrev [8] 0x1cb:0xb DW_TAG_typedef
	.long	470                             @ DW_AT_type
	.long	.Linfo_string5                  @ DW_AT_name
	.byte	1                               @ DW_AT_decl_file
	.byte	64                              @ DW_AT_decl_line
	.byte	9                               @ Abbrev [9] 0x1d6:0x7 DW_TAG_base_type
	.long	.Linfo_string4                  @ DW_AT_name
	.byte	7                               @ DW_AT_encoding
	.byte	4                               @ DW_AT_byte_size
	.byte	10                              @ Abbrev [10] 0x1dd:0xc DW_TAG_array_type
	.long	459                             @ DW_AT_type
	.byte	11                              @ Abbrev [11] 0x1e2:0x6 DW_TAG_subrange_type
	.long	489                             @ DW_AT_type
	.byte	220                             @ DW_AT_count
	.byte	0                               @ End Of Children Mark
	.byte	12                              @ Abbrev [12] 0x1e9:0x7 DW_TAG_base_type
	.long	.Linfo_string33                 @ DW_AT_name
	.byte	8                               @ DW_AT_byte_size
	.byte	7                               @ DW_AT_encoding
	.byte	13                              @ Abbrev [13] 0x1f0:0x20 DW_TAG_subprogram
	.long	.Lfunc_begin0                   @ DW_AT_low_pc
	.long	.Lfunc_end0-.Lfunc_begin0       @ DW_AT_high_pc
	.byte	1                               @ DW_AT_frame_base
	.byte	93
	.long	.Linfo_string37                 @ DW_AT_name
	.byte	3                               @ DW_AT_decl_file
	.byte	12                              @ DW_AT_decl_line
                                        @ DW_AT_prototyped
                                        @ DW_AT_external
	.byte	14                              @ Abbrev [14] 0x201:0xe DW_TAG_formal_parameter
	.byte	2                               @ DW_AT_location
	.byte	145
	.byte	0
	.long	.Linfo_string39                 @ DW_AT_name
	.byte	3                               @ DW_AT_decl_file
	.byte	12                              @ DW_AT_decl_line
	.long	459                             @ DW_AT_type
	.byte	0                               @ End Of Children Mark
	.byte	13                              @ Abbrev [13] 0x210:0x38 DW_TAG_subprogram
	.long	.Lfunc_begin1                   @ DW_AT_low_pc
	.long	.Lfunc_end1-.Lfunc_begin1       @ DW_AT_high_pc
	.byte	1                               @ DW_AT_frame_base
	.byte	93
	.long	.Linfo_string38                 @ DW_AT_name
	.byte	3                               @ DW_AT_decl_file
	.byte	18                              @ DW_AT_decl_line
                                        @ DW_AT_prototyped
                                        @ DW_AT_external
	.byte	14                              @ Abbrev [14] 0x221:0xe DW_TAG_formal_parameter
	.byte	2                               @ DW_AT_location
	.byte	145
	.byte	4
	.long	.Linfo_string39                 @ DW_AT_name
	.byte	3                               @ DW_AT_decl_file
	.byte	18                              @ DW_AT_decl_line
	.long	459                             @ DW_AT_type
	.byte	15                              @ Abbrev [15] 0x22f:0x18 DW_TAG_lexical_block
	.long	.Ltmp2                          @ DW_AT_low_pc
	.long	.Ltmp7-.Ltmp2                   @ DW_AT_high_pc
	.byte	16                              @ Abbrev [16] 0x238:0xe DW_TAG_variable
	.byte	2                               @ DW_AT_location
	.byte	145
	.byte	0
	.long	.Linfo_string40                 @ DW_AT_name
	.byte	3                               @ DW_AT_decl_file
	.byte	20                              @ DW_AT_decl_line
	.long	459                             @ DW_AT_type
	.byte	0                               @ End Of Children Mark
	.byte	0                               @ End Of Children Mark
	.byte	0                               @ End Of Children Mark
.Ldebug_info_end0:
	.section	.debug_ranges,"",%progbits
.Ldebug_ranges0:
	.long	.Lfunc_begin0
	.long	.Lfunc_end0
	.long	.Lfunc_begin1
	.long	.Lfunc_end1
	.long	0
	.long	0
	.section	.debug_str,"MS",%progbits,1
.Linfo_string0:
	.asciz	"Component: Arm Compiler for Embedded 6.19 Tool: armclang [5e73cb00]" @ string offset=0
.Linfo_string1:
	.asciz	"stm32g4_delay.c"               @ string offset=68
.Linfo_string2:
	.asciz	"C:\\Users\\Shenny\\Desktop\\Data\\Embedded_Github\\Public\\STM32_G474RE\\Keil_UV5\\Lesson_1_Blinky" @ string offset=84
.Linfo_string3:
	.asciz	"CR1"                           @ string offset=174
.Linfo_string4:
	.asciz	"unsigned int"                  @ string offset=178
.Linfo_string5:
	.asciz	"uint32_t"                      @ string offset=191
.Linfo_string6:
	.asciz	"CR2"                           @ string offset=200
.Linfo_string7:
	.asciz	"SMCR"                          @ string offset=204
.Linfo_string8:
	.asciz	"DIER"                          @ string offset=209
.Linfo_string9:
	.asciz	"SR"                            @ string offset=214
.Linfo_string10:
	.asciz	"EGR"                           @ string offset=217
.Linfo_string11:
	.asciz	"CCMR1"                         @ string offset=221
.Linfo_string12:
	.asciz	"CCMR2"                         @ string offset=227
.Linfo_string13:
	.asciz	"CCER"                          @ string offset=233
.Linfo_string14:
	.asciz	"CNT"                           @ string offset=238
.Linfo_string15:
	.asciz	"PSC"                           @ string offset=242
.Linfo_string16:
	.asciz	"ARR"                           @ string offset=246
.Linfo_string17:
	.asciz	"RCR"                           @ string offset=250
.Linfo_string18:
	.asciz	"CCR1"                          @ string offset=254
.Linfo_string19:
	.asciz	"CCR2"                          @ string offset=259
.Linfo_string20:
	.asciz	"CCR3"                          @ string offset=264
.Linfo_string21:
	.asciz	"CCR4"                          @ string offset=269
.Linfo_string22:
	.asciz	"BDTR"                          @ string offset=274
.Linfo_string23:
	.asciz	"CCR5"                          @ string offset=279
.Linfo_string24:
	.asciz	"CCR6"                          @ string offset=284
.Linfo_string25:
	.asciz	"CCMR3"                         @ string offset=289
.Linfo_string26:
	.asciz	"DTR2"                          @ string offset=295
.Linfo_string27:
	.asciz	"ECR"                           @ string offset=300
.Linfo_string28:
	.asciz	"TISEL"                         @ string offset=304
.Linfo_string29:
	.asciz	"AF1"                           @ string offset=310
.Linfo_string30:
	.asciz	"AF2"                           @ string offset=314
.Linfo_string31:
	.asciz	"OR"                            @ string offset=318
.Linfo_string32:
	.asciz	"RESERVED0"                     @ string offset=321
.Linfo_string33:
	.asciz	"__ARRAY_SIZE_TYPE__"           @ string offset=331
.Linfo_string34:
	.asciz	"DCR"                           @ string offset=351
.Linfo_string35:
	.asciz	"DMAR"                          @ string offset=355
.Linfo_string36:
	.asciz	"TIM_TypeDef"                   @ string offset=360
.Linfo_string37:
	.asciz	"Delay_us"                      @ string offset=372
.Linfo_string38:
	.asciz	"Delay_ms"                      @ string offset=381
.Linfo_string39:
	.asciz	"time"                          @ string offset=390
.Linfo_string40:
	.asciz	"i"                             @ string offset=395
	.ident	"Component: Arm Compiler for Embedded 6.19 Tool: armclang [5e73cb00]"
	.section	".note.GNU-stack","",%progbits
	.eabi_attribute	30, 6	@ Tag_ABI_optimization_goals
	.ARM_attribute	16, 1	@ Tag_AV_eba
	.section	.debug_line,"",%progbits
.Lline_table_start0:
